<html>
<body>
<pre>
<h1>µVision Build Log</h1>
<h2>Tool Versions:</h2>
IDE-Version: ¦ÌVision V5.21.1.0
Copyright (C) 2016 ARM Ltd and ARM Germany GmbH. All rights reserved.
License Information: zhou Justin, xiangyi, LIC=----
 
Tool Versions:
Toolchain:       MDK-ARM Plus  Version: 5.21a
Toolchain Path:  d:\Keil_v5\ARM\ARMCC\Bin
C Compiler:      Armcc.exe V5.06 update 3 (build 300)
Assembler:       Armasm.exe V5.06 update 3 (build 300)
Linker/Locator:  ArmLink.exe V5.06 update 3 (build 300)
Library Manager: ArmAr.exe V5.06 update 3 (build 300)
Hex Converter:   FromElf.exe V5.06 update 3 (build 300)
CPU DLL:         SARMCM3.DLL V5.21a
Dialog DLL:      DARMSTM.DLL V1.66.0.1
Target DLL:      Segger\JL2CM3.dll V2.99.23.0
Dialog DLL:      TARMSTM.DLL V1.65.0.0
 
<h2>Project:</h2>
C:\Users\Justin\Desktop\taoge_air_20170107changerecycle-OK\taoge_air\solo_mpu.uvproj
Project File Date:  03/25/2018

<h2>Output:</h2>
*** Using Compiler 'V5.06 update 3 (build 300)', folder: 'd:\Keil_v5\ARM\ARMCC\Bin'
*** Note: Rebuilding project, since 'Options->Output->Create Batch File' is selected.
Rebuild target 'Target 1'
assembling startup_stm32f10x_md.s...
compiling core_cm3.c...
compiling system_stm32f10x.c...
cmsis\system_stm32f10x.c(421): warning:  #177-D: function "SetSysClock" was declared but never referenced
  static void SetSysClock(void)
cmsis\system_stm32f10x.c: 1 warning, 0 errors
compiling sys.c...
compiling stm32f10x_it.c...
compiling interrup_init.c...
user\src\interrup_init.c(69): warning:  #177-D: variable "USART_ClockInitStructure" was declared but never referenced
    USART_ClockInitTypeDef  USART_ClockInitStructure;
user\src\interrup_init.c: 1 warning, 0 errors
compiling main.c...
user\src\main.c(547): warning:  #550-D: variable "last_dc_motor_speed_count" was set but never used
        static char last_dc_motor_speed_count = 0;
user\src\main.c(551): warning:  #177-D: variable "co2_crc_value" was declared but never referenced
        char co2_crc_value = 0;
user\src\main.c(541): warning:  #177-D: variable "keys_show_count" was declared but never referenced
  static uint8_t keys_show_count=0;
user\src\main.c: 3 warnings, 0 errors
compiling bsp.c...
user\src\bsp.c(25): warning:  #1295-D: Deprecated declaration clear_PM_rec - give arg types
  extern void clear_PM_rec();
user\src\bsp.c(81): warning:  #223-D: function "Refresh_LCD" declared implicitly
        Refresh_LCD();
user\src\bsp.c: 2 warnings, 0 errors
compiling bsp_ir_decode.c...
user\src\bsp_ir_decode.c(144): warning:  #177-D: variable "s_LowWidth" was declared but never referenced
        static uint16_t s_LowWidth;
user\src\bsp_ir_decode.c: 1 warning, 0 errors
compiling bsp_key.c...
compiling bsp_led.c...
compiling bsp_timer.c...
compiling HT1621.c...
compiling misc.c...
compiling stm32f10x_adc.c...
compiling stm32f10x_bkp.c...
compiling stm32f10x_can.c...
compiling stm32f10x_cec.c...
compiling stm32f10x_crc.c...
compiling stm32f10x_dac.c...
compiling stm32f10x_dbgmcu.c...
compiling stm32f10x_dma.c...
compiling stm32f10x_exti.c...
compiling stm32f10x_flash.c...
compiling stm32f10x_fsmc.c...
compiling stm32f10x_i2c.c...
compiling stm32f10x_iwdg.c...
compiling stm32f10x_pwr.c...
compiling stm32f10x_rcc.c...
compiling stm32f10x_rtc.c...
compiling stm32f10x_sdio.c...
compiling stm32f10x_spi.c...
compiling stm32f10x_tim.c...
compiling stm32f10x_usart.c...
compiling stm32f10x_wwdg.c...
compiling stm32f10x_gpio.c...
linking...
Program Size: Code=16000 RO-data=268 RW-data=152 ZI-data=1280  
FromELF: creating hex file...
".\solo_mpu.axf" - 0 Error(s), 8 Warning(s).
Build Time Elapsed:  00:00:59
</pre>
</body>
</html>
