<html>
<body>
<pre>
<h1>µVision Build Log</h1>
<h2>Project:</h2>
F:\project\aircleaner_v2.0\taoge_air_201612071349_OK_V2.1-ht1621\taoge_air\solo_mpu.uvproj
Project File Date:  11/28/2016

<h2>Output:</h2>
Build target 'Target 1'
linking...
Program Size: Code=21460 RO-data=268 RW-data=168 ZI-data=1312  
FromELF: creating hex file...
".\out\solo_mpu.axf" - 0 Error(s), 0 Warning(s).
</pre>
</body>
</html>
display_graphic_54x64_single_clear - give arg types
  LCD_TYPE_EXT void display_graphic_54x64_single_clear();
.\user\inc\lcd.h(39): warning:  #1295-D: Deprecated declaration display_graphic_tree_clear - give arg types
  LCD_TYPE_EXT void display_graphic_tree_clear();
.\user\inc\lcd.h(41): warning:  #1-D: last line of file ends without a newline
  #endif
.\user\inc\display.h(37): warning:  #1-D: last line of file ends without a newline
  #endif
user\src\HT1621.h(24): warning:  #1295-D: Deprecated declaration Ht1621_Init - give arg types
  HT1621_EXTERN void Ht1621_Init(); 
user\src\HT1621.h(118): warning:  #1-D: last line of file ends without a newline
  #endif
user\src\main.c(537): warning:  #177-D: variable "co2_crc_value" was declared but never referenced
        char co2_crc_value = 0;
user\src\main.c(528): warning:  #177-D: variable "keys_show_count" was declared but never referenced
  static uint8_t keys_show_count=0;
user\src\main.c: 9 warnings, 0 errors
linking...
Program Size: Code=21460 RO-data=268 RW-data=168 ZI-data=1312  
FromELF: creating hex file...
".\out\solo_mpu.axf" - 0 Error(s), 9 Warning(s).
 file ends without a newline
  #endif
.\user\inc\display.h(37): warning:  #1-D: last line of file ends without a newline
  #endif
user\src\HT1621.h(24): warning:  #1295-D: Deprecated declaration Ht1621_Init - give arg types
  HT1621_EXTERN void Ht1621_Init(); 
user\src\HT1621.h(118): warning:  #1-D: last line of file ends without a newline
  #endif
user\src\main.c(537): warning:  #177-D: variable "co2_crc_value" was declared but never referenced
        char co2_crc_value = 0;
user\src\main.c(528): warning:  #177-D: variable "keys_show_count" was declared but never referenced
  static uint8_t keys_show_count=0;
user\src\main.c: 9 warnings, 0 errors
compiling bsp.c...
.\user\inc\main.h(73): warning:  #1-D: last line of file ends without a newline
                
user\src\HT1621.h(24): warning:  #1295-D: Deprecated declaration Ht1621_Init - give arg types
  HT1621_EXTERN void Ht1621_Init(); 
user\src\HT1621.h(118): warning:  #1-D: last line of file ends without a newline
  #endif
user\src\bsp.c(25): warning:  #1295-D: Deprecated declaration clear_PM_rec - give arg types
  extern void clear_PM_rec();
user\src\bsp.c(81): warning:  #223-D: function "Refresh_LCD" declared implicitly
        Refresh_LCD();
user\src\bsp.c: 5 warnings, 0 errors
compiling bsp_ir_decode.c...
user\src\bsp_ir_decode.c(144): warning:  #177-D: variable "s_LowWidth" was declared but never referenced
        static uint16_t s_LowWidth;
user\src\bsp_ir_decode.c: 1 warning, 0 errors
compiling bsp_key.c...
compiling bsp_led.c...
compiling bsp_timer.c...
compiling HT1621.c...
user\src\HT1621.h(24): warning:  #1295-D: Deprecated declaration Ht1621_Init - give arg types
  HT1621_EXTERN void Ht1621_Init(); 
user\src\HT1621.h(118): warning:  #1-D: last line of file ends without a newline
  #endif
user\src\HT1621.c(216): warning:  #1-D: last line of file ends without a newline
   }
user\src\HT1621.c: 3 warnings, 0 errors
compiling misc.c...
compiling stm32f10x_adc.c...
compiling stm32f10x_bkp.c...
compiling stm32f10x_can.c...
compiling stm32f10x_cec.c...
compiling stm32f10x_crc.c...
compiling stm32f10x_dac.c...
compiling stm32f10x_dbgmcu.c...
compiling stm32f10x_dma.c...
compiling stm32f10x_exti.c...
compiling stm32f10x_flash.c...
compiling stm32f10x_fsmc.c...
compiling stm32f10x_i2c.c...
compiling stm32f10x_iwdg.c...
compiling stm32f10x_pwr.c...
compiling stm32f10x_rcc.c...
compiling stm32f10x_rtc.c...
compiling stm32f10x_sdio.c...
compiling stm32f10x_spi.c...
compiling stm32f10x_tim.c...
compiling stm32f10x_usart.c...
compiling stm32f10x_wwdg.c...
compiling stm32f10x_gpio.c...
linking...
Program Size: Code=21436 RO-data=268 RW-data=168 ZI-data=1312  
FromELF: creating hex file...
".\out\solo_mpu.axf" - 0 Error(s), 22 Warning(s).
