<html>
<body>
<pre>
<h1>µVision Build Log</h1>
<h2>Project:</h2>
C:\Users\Administrator\Desktop\taoge_air_20170107changerecycle-OK\taoge_air_20170107changerecycle-OK\taoge_air\solo_mpu.uvproj
Project File Date:  02/11/2017

<h2>Output:</h2>
Build target 'Target 1'
assembling startup_stm32f10x_md.s...
compiling core_cm3.c...
compiling system_stm32f10x.c...
cmsis\system_stm32f10x.c(421): warning:  #177-D: function "SetSysClock" was declared but never referenced
cmsis\system_stm32f10x.c:   static void SetSysClock(void)
cmsis\system_stm32f10x.c:               ^
cmsis\system_stm32f10x.c: cmsis\system_stm32f10x.c: 1 warning, 0 errors
compiling sys.c...
compiling stm32f10x_it.c...
.\user\inc\main.h(73): warning:  #1-D: last line of file ends without a newline
.\user\inc\main.h:              
.\user\inc\main.h:              ^
.\user\inc\main.h: user\src\stm32f10x_it.c: 1 warning, 0 errors
compiling interrup_init.c...
.\user\inc\main.h(73): warning:  #1-D: last line of file ends without a newline
.\user\inc\main.h:              
.\user\inc\main.h:              ^
user\src\interrup_init.c(69): warning:  #177-D: variable "USART_ClockInitStructure" was declared but never referenced
user\src\interrup_init.c:     USART_ClockInitTypeDef  USART_ClockInitStructure;
user\src\interrup_init.c:                             ^
user\src\interrup_init.c: user\src\interrup_init.c: 2 warnings, 0 errors
compiling main.c...
.\user\inc\main.h(73): warning:  #1-D: last line of file ends without a newline
.\user\inc\main.h:              
.\user\inc\main.h:              ^
.\user\inc\lcd.h(38): warning:  #1295-D: Deprecated declaration display_graphic_54x64_single_clear - give arg types
.\user\inc\lcd.h:   LCD_TYPE_EXT void display_graphic_54x64_single_clear();
.\user\inc\lcd.h:                     ^
.\user\inc\lcd.h(39): warning:  #1295-D: Deprecated declaration display_graphic_tree_clear - give arg types
.\user\inc\lcd.h:   LCD_TYPE_EXT void display_graphic_tree_clear();
.\user\inc\lcd.h:                     ^
.\user\inc\lcd.h(41): warning:  #1-D: last line of file ends without a newline
.\user\inc\lcd.h:   #endif
.\user\inc\lcd.h:         ^
.\user\inc\display.h(37): warning:  #1-D: last line of file ends without a newline
.\user\inc\display.h:   #endif
.\user\inc\display.h:         ^
user\src\HT1621.h(24): warning:  #1295-D: Deprecated declaration Ht1621_Init - give arg types
user\src\HT1621.h:   HT1621_EXTERN void Ht1621_Init(); 
user\src\HT1621.h:                      ^
user\src\HT1621.h(118): warning:  #1-D: last line of file ends without a newline
user\src\HT1621.h:   #endif
user\src\HT1621.h:         ^
user\src\main.c(547): warning:  #550-D: variable "last_dc_motor_speed_count" was set but never used
user\src\main.c:        static char last_dc_motor_speed_count = 0;
user\src\main.c:                    ^
user\src\main.c(551): warning:  #177-D: variable "co2_crc_value" was declared but never referenced
user\src\main.c:        char co2_crc_value = 0;
user\src\main.c:             ^
user\src\main.c(541): warning:  #177-D: variable "keys_show_count" was declared but never referenced
user\src\main.c:   static uint8_t keys_show_count=0;
user\src\main.c:                  ^
user\src\main.c: user\src\main.c: 10 warnings, 0 errors
compiling bsp.c...
.\user\inc\main.h(73): warning:  #1-D: last line of file ends without a newline
.\user\inc\main.h:              
.\user\inc\main.h:              ^
user\src\HT1621.h(24): warning:  #1295-D: Deprecated declaration Ht1621_Init - give arg types
user\src\HT1621.h:   HT1621_EXTERN void Ht1621_Init(); 
user\src\HT1621.h:                      ^
user\src\HT1621.h(118): warning:  #1-D: last line of file ends without a newline
user\src\HT1621.h:   #endif
user\src\HT1621.h:         ^
user\src\bsp.c(25): warning:  #1295-D: Deprecated declaration clear_PM_rec - give arg types
user\src\bsp.c:   extern void clear_PM_rec();
user\src\bsp.c:               ^
user\src\bsp.c(81): warning:  #223-D: function "Refresh_LCD" declared implicitly
user\src\bsp.c:         Refresh_LCD();
user\src\bsp.c:         ^
user\src\bsp.c: user\src\bsp.c: 5 warnings, 0 errors
compiling bsp_ir_decode.c...
user\src\bsp_ir_decode.c(144): warning:  #177-D: variable "s_LowWidth" was declared but never referenced
user\src\bsp_ir_decode.c:       static uint16_t s_LowWidth;
user\src\bsp_ir_decode.c:                       ^
user\src\bsp_ir_decode.c: user\src\bsp_ir_decode.c: 1 warning, 0 errors
compiling bsp_key.c...
compiling bsp_led.c...
compiling bsp_timer.c...
compiling HT1621.c...
user\src\HT1621.h(24): warning:  #1295-D: Deprecated declaration Ht1621_Init - give arg types
user\src\HT1621.h:   HT1621_EXTERN void Ht1621_Init(); 
user\src\HT1621.h:                      ^
user\src\HT1621.h(118): warning:  #1-D: last line of file ends without a newline
user\src\HT1621.h:   #endif
user\src\HT1621.h:         ^
user\src\HT1621.c(216): warning:  #1-D: last line of file ends without a newline
user\src\HT1621.c:    }
user\src\HT1621.c:     ^
user\src\HT1621.c: user\src\HT1621.c: 3 warnings, 0 errors
compiling misc.c...
compiling stm32f10x_adc.c...
compiling stm32f10x_bkp.c...
compiling stm32f10x_can.c...
compiling stm32f10x_cec.c...
compiling stm32f10x_crc.c...
compiling stm32f10x_dac.c...
compiling stm32f10x_dbgmcu.c...
compiling stm32f10x_dma.c...
compiling stm32f10x_exti.c...
compiling stm32f10x_flash.c...
compiling stm32f10x_fsmc.c...
compiling stm32f10x_i2c.c...
compiling stm32f10x_iwdg.c...
compiling stm32f10x_pwr.c...
compiling stm32f10x_rcc.c...
compiling stm32f10x_rtc.c...
compiling stm32f10x_sdio.c...
compiling stm32f10x_spi.c...
compiling stm32f10x_tim.c...
compiling stm32f10x_usart.c...
compiling stm32f10x_wwdg.c...
compiling stm32f10x_gpio.c...
linking...
Program Size: Code=22020 RO-data=268 RW-data=172 ZI-data=1316  
FromELF: creating hex file...
".\out\solo_mpu.axf" - 0 Error(s), 23 Warning(s).
Load "C:\\Users\\Administrator\\Desktop\\taoge_air_20170107changerecycle-OK\\taoge_air_20170107changerecycle-OK\\taoge_air\\out\\solo_mpu.AXF" 

JLink info:
-----------
DLL: V4.11i, compiled Jan 28 2010 19:55:25
Firmware: J-Link ARM V8 compiled Nov 14 2012 22:34:52
Hardware: V8.00
S/N : 304423265 
Feature(s) : RDI,FlashDL,FlashBP,JFlash,GDBFULL 
---
Load "C:\\Users\\Administrator\\Desktop\\taoge_air_20170107changerecycle-OK\\taoge_air_20170107changerecycle-OK\\taoge_air\\out\\solo_mpu.AXF" 

JLink info:
-----------
DLL: V4.11i, compiled Jan 28 2010 19:55:25
Firmware: J-Link ARM V8 compiled Nov 14 2012 22:34:52
Hardware: V8.00
S/N : 304423265 
Feature(s) : RDI,FlashDL,FlashBP,JFlash,GDBFULL 
---
Load "C:\\Users\\Administrator\\Desktop\\taoge_air_20170107changerecycle-OK\\taoge_air_20170107changerecycle-OK\\taoge_air\\out\\solo_mpu.AXF" 

JLink info:
-----------
DLL: V4.11i, compiled Jan 28 2010 19:55:25
Firmware: J-Link ARM V8 compiled Nov 14 2012 22:34:52
Hardware: V8.00
S/N : 304423265 
Feature(s) : RDI,FlashDL,FlashBP,JFlash,GDBFULL 
---
Load "C:\\Users\\Administrator\\Desktop\\taoge_air_20170107changerecycle-OK\\taoge_air_20170107changerecycle-OK\\taoge_air\\out\\solo_mpu.AXF" 

JLink info:
-----------
DLL: V4.11i, compiled Jan 28 2010 19:55:25
Firmware: J-Link ARM V8 compiled Nov 14 2012 22:34:52
Hardware: V8.00
S/N : 304423265 
Feature(s) : RDI,FlashDL,FlashBP,JFlash,GDBFULL 
---
Load "C:\\Users\\Administrator\\Desktop\\taoge_air_20170107changerecycle-OK\\taoge_air_20170107changerecycle-OK\\taoge_air\\out\\solo_mpu.AXF" 

JLink info:
-----------
DLL: V4.11i, compiled Jan 28 2010 19:55:25
Firmware: J-Link ARM V8 compiled Nov 14 2012 22:34:52
Hardware: V8.00
S/N : 304423265 
Feature(s) : RDI,FlashDL,FlashBP,JFlash,GDBFULL 
---
Load "C:\\Users\\Administrator\\Desktop\\taoge_air_20170107changerecycle-OK\\taoge_air_20170107changerecycle-OK\\taoge_air\\out\\solo_mpu.AXF" 

JLink info:
-----------
DLL: V4.11i, compiled Jan 28 2010 19:55:25
Firmware: J-Link ARM V8 compiled Nov 14 2012 22:34:52
Hardware: V8.00
S/N : 304423265 
Feature(s) : RDI,FlashDL,FlashBP,JFlash,GDBFULL 
---
Load "C:\\Users\\Administrator\\Desktop\\taoge_air_20170107changerecycle-OK\\taoge_air_20170107changerecycle-OK\\taoge_air\\solo_mpu.AXF" 
_____^
*** error 56: cant open file
Build target 'Target 1'
assembling startup_stm32f10x_md.s...
compiling core_cm3.c...
compiling system_stm32f10x.c...
cmsis\system_stm32f10x.c(421): warning:  #177-D: function "SetSysClock" was declared but never referenced
cmsis\system_stm32f10x.c:   static void SetSysClock(void)
cmsis\system_stm32f10x.c:               ^
cmsis\system_stm32f10x.c: cmsis\system_stm32f10x.c: 1 warning, 0 errors
compiling sys.c...
compiling stm32f10x_it.c...
.\user\inc\main.h(73): warning:  #1-D: last line of file ends without a newline
.\user\inc\main.h:              
.\user\inc\main.h:              ^
.\user\inc\main.h: user\src\stm32f10x_it.c: 1 warning, 0 errors
compiling interrup_init.c...
.\user\inc\main.h(73): warning:  #1-D: last line of file ends without a newline
.\user\inc\main.h:              
.\user\inc\main.h:              ^
user\src\interrup_init.c(69): warning:  #177-D: variable "USART_ClockInitStructure" was declared but never referenced
user\src\interrup_init.c:     USART_ClockInitTypeDef  USART_ClockInitStructure;
user\src\interrup_init.c:                             ^
user\src\interrup_init.c: user\src\interrup_init.c: 2 warnings, 0 errors
compiling main.c...
.\user\inc\main.h(73): warning:  #1-D: last line of file ends without a newline
.\user\inc\main.h:              
.\user\inc\main.h:              ^
.\user\inc\lcd.h(38): warning:  #1295-D: Deprecated declaration display_graphic_54x64_single_clear - give arg types
.\user\inc\lcd.h:   LCD_TYPE_EXT void display_graphic_54x64_single_clear();
.\user\inc\lcd.h:                     ^
.\user\inc\lcd.h(39): warning:  #1295-D: Deprecated declaration display_graphic_tree_clear - give arg types
.\user\inc\lcd.h:   LCD_TYPE_EXT void display_graphic_tree_clear();
.\user\inc\lcd.h:                     ^
.\user\inc\lcd.h(41): warning:  #1-D: last line of file ends without a newline
.\user\inc\lcd.h:   #endif
.\user\inc\lcd.h:         ^
.\user\inc\display.h(37): warning:  #1-D: last line of file ends without a newline
.\user\inc\display.h:   #endif
.\user\inc\display.h:         ^
user\src\HT1621.h(24): warning:  #1295-D: Deprecated declaration Ht1621_Init - give arg types
user\src\HT1621.h:   HT1621_EXTERN void Ht1621_Init(); 
user\src\HT1621.h:                      ^
user\src\HT1621.h(118): warning:  #1-D: last line of file ends without a newline
user\src\HT1621.h:   #endif
user\src\HT1621.h:         ^
user\src\main.c(547): warning:  #550-D: variable "last_dc_motor_speed_count" was set but never used
user\src\main.c:        static char last_dc_motor_speed_count = 0;
user\src\main.c:                    ^
user\src\main.c(551): warning:  #177-D: variable "co2_crc_value" was declared but never referenced
user\src\main.c:        char co2_crc_value = 0;
user\src\main.c:             ^
user\src\main.c(541): warning:  #177-D: variable "keys_show_count" was declared but never referenced
user\src\main.c:   static uint8_t keys_show_count=0;
user\src\main.c:                  ^
user\src\main.c: user\src\main.c: 10 warnings, 0 errors
compiling bsp.c...
.\user\inc\main.h(73): warning:  #1-D: last line of file ends without a newline
.\user\inc\main.h:              
.\user\inc\main.h:              ^
user\src\HT1621.h(24): warning:  #1295-D: Deprecated declaration Ht1621_Init - give arg types
user\src\HT1621.h:   HT1621_EXTERN void Ht1621_Init(); 
user\src\HT1621.h:                      ^
user\src\HT1621.h(118): warning:  #1-D: last line of file ends without a newline
user\src\HT1621.h:   #endif
user\src\HT1621.h:         ^
user\src\bsp.c(25): warning:  #1295-D: Deprecated declaration clear_PM_rec - give arg types
user\src\bsp.c:   extern void clear_PM_rec();
user\src\bsp.c:               ^
user\src\bsp.c(81): warning:  #223-D: function "Refresh_LCD" declared implicitly
user\src\bsp.c:         Refresh_LCD();
user\src\bsp.c:         ^
user\src\bsp.c: user\src\bsp.c: 5 warnings, 0 errors
compiling bsp_ir_decode.c...
user\src\bsp_ir_decode.c(144): warning:  #177-D: variable "s_LowWidth" was declared but never referenced
user\src\bsp_ir_decode.c:       static uint16_t s_LowWidth;
user\src\bsp_ir_decode.c:                       ^
user\src\bsp_ir_decode.c: user\src\bsp_ir_decode.c: 1 warning, 0 errors
compiling bsp_key.c...
compiling bsp_led.c...
compiling bsp_timer.c...
compiling HT1621.c...
user\src\HT1621.h(24): warning:  #1295-D: Deprecated declaration Ht1621_Init - give arg types
user\src\HT1621.h:   HT1621_EXTERN void Ht1621_Init(); 
user\src\HT1621.h:                      ^
user\src\HT1621.h(118): warning:  #1-D: last line of file ends without a newline
user\src\HT1621.h:   #endif
user\src\HT1621.h:         ^
user\src\HT1621.c(216): warning:  #1-D: last line of file ends without a newline
user\src\HT1621.c:    }
user\src\HT1621.c:     ^
user\src\HT1621.c: user\src\HT1621.c: 3 warnings, 0 errors
compiling misc.c...
compiling stm32f10x_adc.c...
compiling stm32f10x_bkp.c...
compiling stm32f10x_can.c...
compiling stm32f10x_cec.c...
compiling stm32f10x_crc.c...
compiling stm32f10x_dac.c...
compiling stm32f10x_dbgmcu.c...
compiling stm32f10x_dma.c...
compiling stm32f10x_exti.c...
compiling stm32f10x_flash.c...
compiling stm32f10x_fsmc.c...
compiling stm32f10x_i2c.c...
compiling stm32f10x_iwdg.c...
compiling stm32f10x_pwr.c...
compiling stm32f10x_rcc.c...
compiling stm32f10x_rtc.c...
compiling stm32f10x_sdio.c...
compiling stm32f10x_spi.c...
compiling stm32f10x_tim.c...
compiling stm32f10x_usart.c...
compiling stm32f10x_wwdg.c...
compiling stm32f10x_gpio.c...
linking...
Program Size: Code=22020 RO-data=268 RW-data=172 ZI-data=1316  
FromELF: creating hex file...
"solo_mpu.axf" - 0 Error(s), 23 Warning(s).
Load "C:\\Users\\Administrator\\Desktop\\taoge_air_20170107changerecycle-OK\\taoge_air_20170107changerecycle-OK\\taoge_air\\solo_mpu.AXF" 

JLink info:
-----------
DLL: V4.11i, compiled Jan 28 2010 19:55:25
Firmware: J-Link ARM V8 compiled Nov 14 2012 22:34:52
Hardware: V8.00
S/N : 304423265 
Feature(s) : RDI,FlashDL,FlashBP,JFlash,GDBFULL 
---
